Tokens (69):
[FUNC          ] func                        at (row=1, col=1-5)
[IDENTIFIER    ] foo                         at (row=1, col=6-9)
[LPAREN        ] (                           at (row=1, col=10-11)
[RPAREN        ] )                           at (row=1, col=11-12)
[RETURNS       ] returns                     at (row=1, col=13-20)
[LPAREN        ] (                           at (row=1, col=21-22)
[IDENTIFIER    ] z                           at (row=1, col=22-23)
[COLON         ] :                           at (row=1, col=23-24)
[I32           ] i32                         at (row=1, col=25-28)
[RPAREN        ] )                           at (row=1, col=28-29)
[LBRACE        ] {                           at (row=1, col=30-31)
[IDENTIFIER    ] z                           at (row=2, col=5-6)
[EQUAL         ] =                           at (row=2, col=7-8)
[INT_LITERAL   ] 18            18            at (row=2, col=9-11)
[SEMICOLON     ] ;                           at (row=2, col=11-12)
[RBRACE        ] }                           at (row=3, col=1-2)
[FUNC          ] func                        at (row=4, col=1-5)
[IDENTIFIER    ] bar                         at (row=4, col=6-9)
[LPAREN        ] (                           at (row=4, col=10-11)
[RPAREN        ] )                           at (row=4, col=11-12)
[RETURNS       ] returns                     at (row=4, col=13-20)
[LPAREN        ] (                           at (row=4, col=21-22)
[IDENTIFIER    ] z                           at (row=4, col=22-23)
[COLON         ] :                           at (row=4, col=23-24)
[I32           ] i32                         at (row=4, col=25-28)
[RPAREN        ] )                           at (row=4, col=28-29)
[LBRACE        ] {                           at (row=4, col=30-31)
[RETURN        ] return                      at (row=5, col=5-11)
[INT_LITERAL   ] 5             5             at (row=5, col=12-13)
[SEMICOLON     ] ;                           at (row=5, col=13-14)
[RBRACE        ] }                           at (row=6, col=1-2)
[FUNC          ] func                        at (row=8, col=1-5)
[IDENTIFIER    ] foo_2                       at (row=8, col=6-11)
[LPAREN        ] (                           at (row=8, col=11-12)
[MUT           ] mut                         at (row=8, col=12-15)
[IDENTIFIER    ] x                           at (row=8, col=16-17)
[COLON         ] :                           at (row=8, col=17-18)
[I32           ] i32                         at (row=8, col=19-22)
[COMMA         ] ,                           at (row=8, col=22-23)
[IMM           ] imm                         at (row=8, col=24-27)
[IDENTIFIER    ] y                           at (row=8, col=28-29)
[COLON         ] :                           at (row=8, col=29-30)
[I32           ] i32                         at (row=8, col=31-34)
[COMMA         ] ,                           at (row=8, col=34-35)
[TAKE          ] take                        at (row=8, col=36-40)
[IDENTIFIER    ] z                           at (row=8, col=41-42)
[COLON         ] :                           at (row=8, col=42-43)
[I32           ] i32                         at (row=8, col=44-47)
[RPAREN        ] )                           at (row=8, col=47-48)
[LBRACE        ] {                           at (row=8, col=49-50)
[PRINT         ] print                       at (row=9, col=5-10)
[STRING_LITERAL] "hi"          hi            at (row=9, col=11-15)
[SEMICOLON     ] ;                           at (row=9, col=15-16)
[RBRACE        ] }                           at (row=12, col=1-2)
[IDENTIFIER    ] x                           at (row=15, col=1-2)
[COLON         ] :                           at (row=15, col=3-4)
[FUNC          ] func                        at (row=15, col=5-9)
[LPAREN        ] (                           at (row=15, col=9-10)
[I32           ] i32                         at (row=15, col=10-13)
[COMMA         ] ,                           at (row=15, col=13-14)
[I32           ] i32                         at (row=15, col=15-18)
[COMMA         ] ,                           at (row=15, col=18-19)
[I32           ] i32                         at (row=15, col=20-23)
[RPAREN        ] )                           at (row=15, col=23-24)
[ARROW         ] ->                          at (row=15, col=24-26)
[U0            ] u0                          at (row=15, col=26-28)
[EQUAL         ] =                           at (row=15, col=29-30)
[IDENTIFIER    ] foo_2                       at (row=15, col=31-36)
[SEMICOLON     ] ;                           at (row=15, col=36-37)
