VariableDecl(Mutable: true,
  Name:
    Ident(x),
  Type:
    Type::Named(i32)
  Initializer:
    Int(3)
)
VariableDecl(Mutable: true,
  Name:
    Ident(px),
  Type:
    Type::Pointer(pointee mutable: false,
      Pointee:
        Type::Named(i32)
    )
  Initializer:
    UnaryOp(&,
      Ident(x)
    )
)
VariableDecl(Mutable: true,
  Name:
    Ident(py),
  Type:
    Type::Pointer(pointee mutable: true,
      Pointee:
        Type::Named(i32)
    )
  Initializer:
    UnaryOp(&mut,
      Ident(x)
    )
)
ExpressionStmt(
  Assignment(
    LValue:
      Ident(px),
    RValue:
      UnaryOp(&,
        Ident(x)
      )
  )
)
PrintStmt(
  Ident(px)
)
PrintStmt(
  UnaryOp(*,
    Ident(px)
  )
)
PrintStmt(
  UnaryOp(*,
    GroupedExpr(
      BinaryOp(+,
        Ident(px),
        Int(0)
      )
    )
  )
)
