Symbol Table State:
Current Scope ID: 0
Total Scopes: 4

Scope ID: 0
  Parent Scope ID: 0
  Declared Types (14):
    - u0 (declared in scope 0)
    - u8 (declared in scope 0)
    - u16 (declared in scope 0)
    - u32 (declared in scope 0)
    - u64 (declared in scope 0)
    - i8 (declared in scope 0)
    - i16 (declared in scope 0)
    - i32 (declared in scope 0)
    - i64 (declared in scope 0)
    - f64 (declared in scope 0)
    - bool (declared in scope 0)
    - string (declared in scope 0)
    - Point (declared in scope 0)
    - func(Point)->u0 (declared in scope 0)
  Declared Variables (4):
    - Name: foo
        Modifier: imm
        Type: func(Point)->u0
        Scope ID: 0
    - Name: origin
        Modifier: mut
        Type: nullptr/inferred
        Scope ID: 0
    - Name: x_o
        Modifier: mut
        Type: i32
        Scope ID: 0
    - Name: y_o
        Modifier: mut
        Type: i32
        Scope ID: 0

Scope ID: 1
  Parent Scope ID: 0
  Declared Types (1):
    - func()->bool (declared in scope 1)
  Declared Variables (3):
    - Name: x
        Modifier: mut
        Type: i32
        Scope ID: 1
    - Name: y
        Modifier: mut
        Type: i32
        Scope ID: 1
    - Name: is_origin
        Modifier: imm
        Type: func()->bool
        Scope ID: 1

Scope ID: 2
  Parent Scope ID: 1
  Declared Types (0):
  Declared Variables (1):
    - Name: r
        Modifier: mut
        Type: bool
        Scope ID: 2

Scope ID: 3
  Parent Scope ID: 0
  Declared Types (0):
  Declared Variables (1):
    - Name: p
        Modifier: imm
        Type: Point
        Scope ID: 3
