VariableDecl(Mutable: true,
  Name:
    Ident(px),
  Type:
    Type::Pointer(pointee mutable: true,
      Pointee:
        Type::Named(i32)
    )
  Initializer: null
)
ExpressionStmt(
  Assignment(
    LValue:
      Ident(px),
    RValue:
      NewExpr(
        TypeToAllocate:(mutable memory, type: array)
          Type::Named(i32)
        AllocationSpecifier:
          Int(3)
      )
  )
)
FreeStmt(IsArray: true,
  Ident(px)
)
ExpressionStmt(
  Assignment(
    LValue:
      Ident(px),
    RValue:
      null
  )
)
ExpressionStmt(
  Assignment(
    LValue:
      Ident(px),
    RValue:
      NewExpr(
        TypeToAllocate:(immutable memory, type: constructor)
          Type::Named(i32)
        AllocationSpecifier:
          Int(15)
      )
  )
)
FreeStmt(IsArray: false,
  Ident(px)
)
