Symbol Table State:
Current Scope ID: 0
Total Scopes: 4

Scope ID: 0
  Parent Scope ID: 0
  Declared Types (14):
    - u0 (declared in scope 0)
    - u8 (declared in scope 0)
    - u16 (declared in scope 0)
    - u32 (declared in scope 0)
    - u64 (declared in scope 0)
    - i8 (declared in scope 0)
    - i16 (declared in scope 0)
    - i32 (declared in scope 0)
    - i64 (declared in scope 0)
    - f64 (declared in scope 0)
    - bool (declared in scope 0)
    - string (declared in scope 0)
    - func()->i32 (declared in scope 0)
    - func(i32, i32, i32)->u0 (declared in scope 0)
  Declared Variables (7):
    - Name: foo
        Modifier: imm
        Type: func()->i32
        Scope ID: 0
    - Name: bar
        Modifier: imm
        Type: func()->i32
        Scope ID: 0
    - Name: foo_2
        Modifier: imm
        Type: func(i32, i32, i32)->u0
        Scope ID: 0
    - Name: x
        Modifier: imm
        Type: func(i32, i32, i32)->u0
        Scope ID: 0
    - Name: z
        Modifier: imm
        Type: nullptr/inferred
        Scope ID: 0
    - Name: a
        Modifier: mut
        Type: nullptr/inferred
        Scope ID: 0
    - Name: b
        Modifier: mut
        Type: nullptr/inferred
        Scope ID: 0

Scope ID: 1
  Parent Scope ID: 0
  Declared Types (0):
  Declared Variables (1):
    - Name: z
        Modifier: mut
        Type: i32
        Scope ID: 1

Scope ID: 2
  Parent Scope ID: 0
  Declared Types (0):
  Declared Variables (1):
    - Name: z
        Modifier: mut
        Type: i32
        Scope ID: 2

Scope ID: 3
  Parent Scope ID: 0
  Declared Types (0):
  Declared Variables (3):
    - Name: x
        Modifier: mut
        Type: i32
        Scope ID: 3
    - Name: y
        Modifier: imm
        Type: i32
        Scope ID: 3
    - Name: z
        Modifier: imm
        Type: i32
        Scope ID: 3
