VariableDecl(Mutable: true,
  Name:
    Ident(x),
  Type:
    {i32} Type::Named(i32)
  Initializer: null
)
VariableDecl(Mutable: true,
  Name:
    Ident(y),
  Type:
    {i32} Type::Named(i32)
  Initializer:
    Int(3)
)
VariableDecl(Mutable: false,
  Name:
    Ident(z),
  Type:
    {i32} Type::Named(i32)
  Initializer:
    Int(5)
)
VariableDecl(Mutable: true,
  Name:
    Ident(a),
  Type: inferred
  Initializer:
    Int(10)
)
VariableDecl(Mutable: false,
  Name:
    Ident(b),
  Type: inferred
  Initializer:
    String("hello")
)
VariableDecl(Mutable: true,
  Name:
    Ident(c),
  Type: inferred
  Initializer:
    Int(3)
)
VariableDecl(Mutable: true,
  Name:
    Ident(d),
  Type:
    {i32} Type::Named(i32)
  Initializer:
    Int(2)
)
ExpressionStmt(
  Assignment(
    LValue:
      Ident(x),
    RValue:
      Int(13)
  )
)
