Tokens (43):
[MUT           ] mut                         at (row=1, col=1-4)
[IDENTIFIER    ] px                          at (row=1, col=5-7)
[COLON         ] :                           at (row=1, col=8-9)
[PTR           ] ptr                         at (row=1, col=10-13)
[LANGLE        ] <                           at (row=1, col=13-14)
[MUT           ] mut                         at (row=1, col=14-17)
[I32           ] i32                         at (row=1, col=18-21)
[RANGLE        ] >                           at (row=1, col=21-22)
[SEMICOLON     ] ;                           at (row=1, col=22-23)
[IDENTIFIER    ] px                          at (row=3, col=1-3)
[EQUAL         ] =                           at (row=3, col=4-5)
[NEW           ] new                         at (row=3, col=6-9)
[LANGLE        ] <                           at (row=3, col=9-10)
[MUT           ] mut                         at (row=3, col=10-13)
[I32           ] i32                         at (row=3, col=14-17)
[RANGLE        ] >                           at (row=3, col=17-18)
[LBRACK        ] [                           at (row=3, col=18-19)
[INT_LITERAL   ] 3             3             at (row=3, col=19-20)
[RBRACK        ] ]                           at (row=3, col=20-21)
[SEMICOLON     ] ;                           at (row=3, col=21-22)
[FREE          ] free                        at (row=4, col=1-5)
[LBRACK        ] [                           at (row=4, col=5-6)
[RBRACK        ] ]                           at (row=4, col=6-7)
[IDENTIFIER    ] px                          at (row=4, col=8-10)
[SEMICOLON     ] ;                           at (row=4, col=10-11)
[IDENTIFIER    ] px                          at (row=6, col=1-3)
[EQUAL         ] =                           at (row=6, col=4-5)
[NULL_         ] null                        at (row=6, col=6-10)
[SEMICOLON     ] ;                           at (row=6, col=10-11)
[IDENTIFIER    ] px                          at (row=8, col=1-3)
[EQUAL         ] =                           at (row=8, col=4-5)
[NEW           ] new                         at (row=8, col=6-9)
[LANGLE        ] <                           at (row=8, col=9-10)
[MUT           ] mut                         at (row=8, col=10-13)
[I32           ] i32                         at (row=8, col=14-17)
[RANGLE        ] >                           at (row=8, col=17-18)
[LPAREN        ] (                           at (row=8, col=18-19)
[INT_LITERAL   ] 15            15            at (row=8, col=19-21)
[RPAREN        ] )                           at (row=8, col=21-22)
[SEMICOLON     ] ;                           at (row=8, col=22-23)
[FREE          ] free                        at (row=9, col=1-5)
[IDENTIFIER    ] px                          at (row=9, col=6-8)
[SEMICOLON     ] ;                           at (row=9, col=8-9)
