Symbol Table State:
Current Scope ID: 0
Total Scopes: 1

Scope ID: 0
  Parent Scope ID: 0
  Declared Types (14):
    - u0 (declared in scope 0)
    - u8 (declared in scope 0)
    - u16 (declared in scope 0)
    - u32 (declared in scope 0)
    - u64 (declared in scope 0)
    - i8 (declared in scope 0)
    - i16 (declared in scope 0)
    - i32 (declared in scope 0)
    - i64 (declared in scope 0)
    - f64 (declared in scope 0)
    - bool (declared in scope 0)
    - string (declared in scope 0)
    - ptr<imm i32> (declared in scope 0)
    - ptr<mut i32> (declared in scope 0)
  Declared Variables (3):
    - Name: x
        Modifier: mut
        Type: i32
        Scope ID: 0
    - Name: px
        Modifier: mut
        Type: ptr<imm i32>
        Scope ID: 0
    - Name: py
        Modifier: mut
        Type: ptr<mut i32>
        Scope ID: 0
