--- IR Instructions ---
_foo
	BeginFunc
	_t0 = 18
	z_1 = _t0
	Return z_1
_L0:
	EndFunc
_bar
	BeginFunc
	_t1 = 5
	Return _t1
	Goto _L1
	Return z_2
_L1:
	EndFunc
_foo_2
	BeginFunc
	x_3 = _param 0
	y_3 = _param 1
	z_3 = _param 2
	_t2 = "hi"
	PushArg _t2
	LCall print_string
	Return
_L2:
	EndFunc
	x_0 = foo_2_0
	_t3 = 10
	z_0 = _t3
	_t4 = 1
	a_0 = _t4
	_t5 = 2
	b_0 = _t5
	BeginLCallPrep
	PushArg a_0
	_t6 = 2
	PushArg _t6
	PushArg z_0
	LCall x_0
	BeginLCallPrep
	PushArg b_0
	_t7 = 2
	PushArg _t7
	PushArg z_0
	LCall x_0
-----------------------
