Tokens (43):
[STRUCT        ] struct                      at (row=1, col=1-7)
[IDENTIFIER    ] Point                       at (row=1, col=8-13)
[LBRACE        ] {                           at (row=1, col=14-15)
[IDENTIFIER    ] x                           at (row=2, col=3-4)
[COLON         ] :                           at (row=2, col=4-5)
[I64           ] i64                         at (row=2, col=6-9)
[COMMA         ] ,                           at (row=2, col=9-10)
[IDENTIFIER    ] y                           at (row=3, col=3-4)
[COLON         ] :                           at (row=3, col=4-5)
[I64           ] i64                         at (row=3, col=6-9)
[RBRACE        ] }                           at (row=4, col=1-2)
[MUT           ] mut                         at (row=6, col=1-4)
[IDENTIFIER    ] origin                      at (row=6, col=5-11)
[WALRUS        ] :=                          at (row=6, col=12-14)
[IDENTIFIER    ] Point                       at (row=6, col=15-20)
[LBRACE        ] {                           at (row=6, col=20-21)
[IDENTIFIER    ] x                           at (row=6, col=21-22)
[EQUAL         ] =                           at (row=6, col=23-24)
[INT_LITERAL   ] 0             0             at (row=6, col=25-26)
[COMMA         ] ,                           at (row=6, col=26-27)
[IDENTIFIER    ] y                           at (row=6, col=28-29)
[EQUAL         ] =                           at (row=6, col=30-31)
[INT_LITERAL   ] 0             0             at (row=6, col=32-33)
[RBRACE        ] }                           at (row=6, col=33-34)
[SEMICOLON     ] ;                           at (row=6, col=34-35)
[MUT           ] mut                         at (row=8, col=1-4)
[IDENTIFIER    ] x_o                         at (row=8, col=5-8)
[COLON         ] :                           at (row=8, col=9-10)
[I64           ] i64                         at (row=8, col=11-14)
[EQUAL         ] =                           at (row=8, col=15-16)
[IDENTIFIER    ] origin                      at (row=8, col=17-23)
[DOT           ] .                           at (row=8, col=23-24)
[IDENTIFIER    ] x                           at (row=8, col=24-25)
[SEMICOLON     ] ;                           at (row=8, col=25-26)
[MUT           ] mut                         at (row=9, col=1-4)
[IDENTIFIER    ] y_o                         at (row=9, col=5-8)
[COLON         ] :                           at (row=9, col=9-10)
[I64           ] i64                         at (row=9, col=11-14)
[EQUAL         ] =                           at (row=9, col=15-16)
[IDENTIFIER    ] origin                      at (row=9, col=17-23)
[DOT           ] .                           at (row=9, col=23-24)
[IDENTIFIER    ] y                           at (row=9, col=24-25)
[SEMICOLON     ] ;                           at (row=9, col=25-26)
