VariableDecl(Mutable: true,
  Name:
    Ident(px),
  Type:
    {ptr<imm i32>} Type::Pointer(pointee mutable: false,
      Pointee:
        {i32} Type::Named(i32)
    )
  Initializer: null
)
ExpressionStmt(
  Assignment(
    LValue:
      Ident(px),
    RValue:
      NewExpr(
        TypeToAllocate:(mutable memory, type: array)
          {i32} Type::Named(i32)
        AllocationSpecifier:
          Int(3)
      )
  )
)
FreeStmt(IsArray: true,
  Ident(px)
)
ExpressionStmt(
  Assignment(
    LValue:
      Ident(px),
    RValue:
      null
  )
)
ExpressionStmt(
  Assignment(
    LValue:
      Ident(px),
    RValue:
      NewExpr(
        TypeToAllocate:(immutable memory, type: constructor)
          {i32} Type::Named(i32)
        AllocationSpecifier:
          Int(15)
      )
  )
)
FreeStmt(IsArray: false,
  Ident(px)
)
