Symbol Table State:
Current Scope ID: 0
Total Scopes: 2

Scope ID: 0
  Parent Scope ID: 0
  Declared Types (13):
    - u0 (declared in scope 0)
    - u8 (declared in scope 0)
    - u16 (declared in scope 0)
    - u32 (declared in scope 0)
    - u64 (declared in scope 0)
    - i8 (declared in scope 0)
    - i16 (declared in scope 0)
    - i32 (declared in scope 0)
    - i64 (declared in scope 0)
    - f64 (declared in scope 0)
    - bool (declared in scope 0)
    - string (declared in scope 0)
    - Point (declared in scope 0)
  Declared Variables (3):
    - Name: origin
        Modifier: mut
        Type: nullptr/inferred
        Scope ID: 0
    - Name: x_o
        Modifier: mut
        Type: i32
        Scope ID: 0
    - Name: y_o
        Modifier: mut
        Type: i32
        Scope ID: 0

Scope ID: 1
  Parent Scope ID: 0
  Declared Types (0):
  Declared Variables (2):
    - Name: x
        Modifier: mut
        Type: i32
        Scope ID: 1
    - Name: y
        Modifier: mut
        Type: i32
        Scope ID: 1
