--- IR Instructions ---
_foo
	BeginFunc
	x_1 = _param 0
	Return
_L0:
	EndFunc
	p_foo_0 = foo_0
	BeginLCallPrep
	_t0 = 1
	PushArg _t0
	LCall foo_0
	BeginLCallPrep
	_t1 = 2
	PushArg _t1
	LCall p_foo_0
	_t2 = 3
	x_0 = _t2
	_t3 = AddrOf x_0
	px_0 = _t3
	_t4 = AddrOf x_0
	py_0 = _t4
	_t5 = 15
	*(py_0) = _t5
	_t6 = 0
	px_0 = _t6
	_t7 = AddrOf x_0
	px_0 = _t7
	pz_0 = 0
	_t9 = 3
	_t8 = AllocArray 8, _t9
	pz_0 = _t8
	_t10 = 30
	_t11 = 0
	_t12 = _t11 * 8
	_t13 = pz_0 + _t12
	*(_t13) = _t10
	_t14 = 60
	_t15 = 1
	_t16 = _t15 * 8
	_t17 = pz_0 + _t16
	*(_t17) = _t14
	_t18 = 90
	_t19 = 2
	_t20 = _t19 * 8
	_t21 = pz_0 + _t20
	*(_t21) = _t18
	Free pz_0
	_t22 = 0
	pz_0 = _t22
	_t24 = 32
	_t23 = Alloc 8, _t24
	pz_0 = _t23
	Free pz_0
-----------------------
