Symbol Table State:
Current Scope ID: 0
Total Scopes: 1

Scope ID: 0
  Scope (parent: 0)
  Symbols:
    a: var a (type: ?, scope: 0, modifier: mut)
    b: var b (type: ?, scope: 0, modifier: imm)
    bool: type bool
    c: var c (type: ?, scope: 0, modifier: mut)
    d: var d (type: i32, scope: 0, modifier: mut)
    f64: type f64
    i16: type i16
    i32: type i32
    i64: type i64
    i8: type i8
    string: type string
    u0: type u0
    u16: type u16
    u32: type u32
    u64: type u64
    u8: type u8
    x: var x (type: i32, scope: 0, modifier: mut)
    y: var y (type: i32, scope: 0, modifier: mut)
    z: var z (type: i32, scope: 0, modifier: imm)
