Tokens (73):
[IDENTIFIER    ] condition                   at (row=1, col=1-10)
[COLON         ] :                           at (row=1, col=11-12)
[BOOL          ] bool                        at (row=1, col=13-17)
[EQUAL         ] =                           at (row=1, col=18-19)
[TRUE          ] true                        at (row=1, col=20-24)
[SEMICOLON     ] ;                           at (row=1, col=24-25)
[IF            ] if                          at (row=2, col=1-3)
[LPAREN        ] (                           at (row=2, col=4-5)
[IDENTIFIER    ] condition                   at (row=2, col=5-14)
[RPAREN        ] )                           at (row=2, col=14-15)
[LBRACE        ] {                           at (row=2, col=16-17)
[RBRACE        ] }                           at (row=3, col=1-2)
[ELSE          ] else                        at (row=3, col=3-7)
[LBRACE        ] {                           at (row=3, col=8-9)
[RBRACE        ] }                           at (row=4, col=1-2)
[WHILE         ] while                       at (row=6, col=1-6)
[LPAREN        ] (                           at (row=6, col=7-8)
[TRUE          ] true                        at (row=6, col=8-12)
[RPAREN        ] )                           at (row=6, col=12-13)
[LBRACE        ] {                           at (row=6, col=14-15)
[BREAK         ] break                       at (row=7, col=3-8)
[SEMICOLON     ] ;                           at (row=7, col=8-9)
[RBRACE        ] }                           at (row=8, col=1-2)
[FOR           ] for                         at (row=10, col=1-4)
[LPAREN        ] (                           at (row=10, col=5-6)
[MUT           ] mut                         at (row=10, col=6-9)
[IDENTIFIER    ] i                           at (row=10, col=10-11)
[WALRUS        ] :=                          at (row=10, col=12-14)
[INT_LITERAL   ] 0             0             at (row=10, col=15-16)
[SEMICOLON     ] ;                           at (row=10, col=16-17)
[IDENTIFIER    ] i                           at (row=10, col=18-19)
[LANGLE        ] <                           at (row=10, col=20-21)
[INT_LITERAL   ] 10            10            at (row=10, col=22-24)
[SEMICOLON     ] ;                           at (row=10, col=24-25)
[IDENTIFIER    ] i                           at (row=10, col=26-27)
[EQUAL         ] =                           at (row=10, col=28-29)
[IDENTIFIER    ] i                           at (row=10, col=30-31)
[PLUS          ] +                           at (row=10, col=31-32)
[INT_LITERAL   ] 1             1             at (row=10, col=32-33)
[RPAREN        ] )                           at (row=10, col=33-34)
[LBRACE        ] {                           at (row=10, col=35-36)
[CONTINUE      ] continue                    at (row=11, col=3-11)
[SEMICOLON     ] ;                           at (row=11, col=11-12)
[RBRACE        ] }                           at (row=12, col=1-2)
[MUT           ] mut                         at (row=14, col=1-4)
[IDENTIFIER    ] x                           at (row=14, col=5-6)
[COLON         ] :                           at (row=14, col=7-8)
[I32           ] i32                         at (row=14, col=9-12)
[EQUAL         ] =                           at (row=14, col=13-14)
[INT_LITERAL   ] 5             5             at (row=14, col=15-16)
[SEMICOLON     ] ;                           at (row=14, col=16-17)
[SWITCH        ] switch                      at (row=15, col=1-7)
[LPAREN        ] (                           at (row=15, col=8-9)
[IDENTIFIER    ] x                           at (row=15, col=9-10)
[RPAREN        ] )                           at (row=15, col=10-11)
[LBRACE        ] {                           at (row=15, col=12-13)
[CASE          ] case                        at (row=16, col=3-7)
[INT_LITERAL   ] 3             3             at (row=16, col=8-9)
[COLON         ] :                           at (row=16, col=9-10)
[LBRACE        ] {                           at (row=16, col=11-12)
[IDENTIFIER    ] z                           at (row=17, col=5-6)
[WALRUS        ] :=                          at (row=17, col=7-9)
[INT_LITERAL   ] 2             2             at (row=17, col=10-11)
[SEMICOLON     ] ;                           at (row=17, col=11-12)
[RBRACE        ] }                           at (row=18, col=3-4)
[RBRACE        ] }                           at (row=19, col=1-2)
[LBRACE        ] {                           at (row=21, col=1-2)
[MUT           ] mut                         at (row=23, col=3-6)
[IDENTIFIER    ] x                           at (row=23, col=7-8)
[WALRUS        ] :=                          at (row=23, col=9-11)
[INT_LITERAL   ] 3             3             at (row=23, col=12-13)
[SEMICOLON     ] ;                           at (row=23, col=13-14)
[RBRACE        ] }                           at (row=24, col=1-2)
