extern exit, string_length, print_string, print_char
extern print_newline, print_uint, print_int
extern read_char, read_word, parse_uint
extern parse_int, string_equals, string_copy
extern memcpy, malloc, free, clrscr, string_concat

default rel
global _start
section .text
_start:
	push rbp
	mov rbp, rsp
	mov rdi , 15
call print_int
	mov r10, LC0
	push r10 ; saving caller-saved register r10
	mov rdi, r10; value stored in arg reg
	call print_string
	pop r10 ; restoring caller-saved register
	mov r11, LC1
	push r10 ; saving caller-saved register r10
	push r11 ; saving caller-saved register r11
	mov rdi, r11; value stored in arg reg
	call print_string
	pop r11 ; restoring caller-saved register
	pop r10 ; restoring caller-saved register
	mov rdi, 1
	call exit
	mov rsp, rbp ; restore stack
	pop rbp
	xor rdi, rdi
	call exit

section .data
LC0:
	db 10, 0
LC1:
	db "err msg", 10, "", 0
