VariableDecl(Mutable: false,
  Name:
    Ident(condition),
  Type:
    {bool} Type::Named(bool)
  Initializer:
    true
)
IfStmt(
  Condition:
    Ident(condition),
  ThenBranch:
  Block([
  ]),
  ElseBranch:
  Block([
  ])
)
WhileStmt(
  Condition:
    true,
  Body:
  Block([
    BreakStmt
  ])
)
ForStmt(
  Initializer:
    VariableDecl(Mutable: true,
      Name:
        Ident(i),
      Type: inferred
      Initializer:
        Int(0)
    ),
  Condition:
    BinaryOp(<,
      Ident(i),
      Int(10)
    ),
  Iteration:
    Assignment(
      LValue:
        Ident(i),
      RValue:
        BinaryOp(+,
          Ident(i),
          Int(1)
        )
    ),
  Body:
  Block([
    ContinueStmt
  ])
)
VariableDecl(Mutable: true,
  Name:
    Ident(x),
  Type:
    {i32} Type::Named(i32)
  Initializer:
    Int(5)
)
SwitchStmt(
  Expression:
    Ident(x),
  Cases: [
    Case(
      Value:
        Int(3),
      Body:
      Block([
        VariableDecl(Mutable: false,
          Name:
            Ident(z),
          Type: inferred
          Initializer:
            Int(2)
        )
      ])
    )
  ]
)
Block([
  VariableDecl(Mutable: true,
    Name:
      Ident(x),
    Type: inferred
    Initializer:
      Int(3)
  )
])
