--- IR Instructions ---
	_t0 = Alloc 16
	_t1 = 0
	_t2 = _t0 + 0
	*(_t2) = _t1
	_t3 = 0
	_t4 = _t0 + 8
	*(_t4) = _t3
	origin_0 = _t0
	_t6 = AddrOf origin_0
	_t7 = *(_t6)
	_t5 = _t7 + 0
	_t8 = *(_t5)
	x_o_0 = _t8
	_t10 = AddrOf origin_0
	_t11 = *(_t10)
	_t9 = _t11 + 8
	_t12 = *(_t9)
	y_o_0 = _t12
-----------------------
