Tokens (16):
[MUT           ] mut                         at (row=1, col=1-4)
[IDENTIFIER    ] x                           at (row=1, col=5-6)
[COLON         ] :                           at (row=1, col=7-8)
[I32           ] i32                         at (row=1, col=9-12)
[SEMICOLON     ] ;                           at (row=1, col=12-13)
[READ          ] read                        at (row=2, col=1-5)
[IDENTIFIER    ] x                           at (row=2, col=6-7)
[SEMICOLON     ] ;                           at (row=2, col=7-8)
[MUT           ] mut                         at (row=4, col=1-4)
[IDENTIFIER    ] y                           at (row=4, col=5-6)
[COLON         ] :                           at (row=4, col=7-8)
[STRING        ] string                      at (row=4, col=9-15)
[SEMICOLON     ] ;                           at (row=4, col=15-16)
[READ          ] read                        at (row=5, col=1-5)
[IDENTIFIER    ] y                           at (row=5, col=6-7)
[SEMICOLON     ] ;                           at (row=5, col=7-8)
