--- IR Instructions ---
	_t0 = 8
	x_0 = _t0
	_t1 = LCall read_word
	_t1 = LCall parse_int
	x_0 = _t1
	PushArg x_0
	LCall print_int
	PopArgs
	_t2 = "
"
	PushArg _t2
	LCall print_string
	PopArgs
	y_0 = 0
	_t3 = LCall read_word
	y_0 = _t3
	PushArg y_0
	LCall print_string
	PopArgs
	_t4 = "
"
	PushArg _t4
	LCall print_string
	PopArgs
-----------------------
