VariableDecl(Mutable: true,
  Name:
    Ident(x),
  Type:
    {i32} Type::Named(i32)
  Initializer: null
)
ReadStmt(
  Ident(x)
)
VariableDecl(Mutable: true,
  Name:
    Ident(y),
  Type:
    {string} Type::Named(string)
  Initializer: null
)
ReadStmt(
  Ident(y)
)
