--- IR Instructions ---
	_t0 = 1
	condition_0 = _t0
	IfZ condition_0 Goto _L0
	Goto _L1
_L0:
_L1:
_L2:
	_t1 = 1
	IfZ _t1 Goto _L3
	Goto _L3
	Goto _L2
_L3:
	_t2 = 0
	i_4 = _t2
_L4:
	_t3 = 10
	_t4 = i_4 < _t3
	IfZ _t4 Goto _L7
_L6:
	Goto _L5
_L5:
	_t5 = 1
	_t6 = i_4 + _t5
	i_4 = _t6
	Goto _L4
_L7:
	_t7 = 5
	x_0 = _t7
	_t8 = 3
	_t9 = x_0 != _t8
	IfZ _t9 Goto _L8
	Goto _L9
_L8:
	_t10 = 2
	z_6 = _t10
	Goto _L9
_L9:
	_t11 = 3
	x_7 = _t11
-----------------------
