--- IR Instructions ---
MOV    r1, 10
MOV    r0, r1
MOV    r3, 5
ADD    r4, r0, r3
MOV    r5, 2
MUL    r6, r4, r5
MOV    r2, r6
MOV    r8, 2
DIV    r9, r0, r8
SUB    r10, r2, r9
NEG    r11, r0
ADD    r12, r10, r11
MOV    r7, r12
MOV    r14, 100
ADD    r15, r7, r14
MOV    r13, r15
-----------------------
