Symbol Table State:
Current Scope ID: 0
Total Scopes: 5

Scope ID: 0
  Parent Scope ID: 0
  Declared Types (16):
    - u0 (declared in scope 0)
    - u8 (declared in scope 0)
    - u16 (declared in scope 0)
    - u32 (declared in scope 0)
    - u64 (declared in scope 0)
    - i8 (declared in scope 0)
    - i16 (declared in scope 0)
    - i32 (declared in scope 0)
    - i64 (declared in scope 0)
    - f64 (declared in scope 0)
    - bool (declared in scope 0)
    - string (declared in scope 0)
    - func(i32, i32, i32)->u0 (declared in scope 0)
    - ptr<imm i64> (declared in scope 0)
    - ptr<mut i64> (declared in scope 0)
    - func(ptr<imm i64>, i64)->u0 (declared in scope 0)
  Declared Variables (7):
    - Name: foo
        Modifier: imm
        Type: func(i32, i32, i32)->u0
        Scope ID: 0
    - Name: p_foo
        Modifier: imm
        Type: func(i32, i32, i32)->u0
        Scope ID: 0
    - Name: x
        Modifier: mut
        Type: i64
        Scope ID: 0
    - Name: px
        Modifier: mut
        Type: ptr<imm i64>
        Scope ID: 0
    - Name: py
        Modifier: mut
        Type: ptr<mut i64>
        Scope ID: 0
    - Name: print_arr
        Modifier: imm
        Type: func(ptr<imm i64>, i64)->u0
        Scope ID: 0
    - Name: pz
        Modifier: mut
        Type: ptr<imm i64>
        Scope ID: 0

Scope ID: 1
  Parent Scope ID: 0
  Declared Types (0):
  Declared Variables (3):
    - Name: x
        Modifier: imm
        Type: i32
        Scope ID: 1
    - Name: y
        Modifier: imm
        Type: i32
        Scope ID: 1
    - Name: z
        Modifier: imm
        Type: i32
        Scope ID: 1

Scope ID: 2
  Parent Scope ID: 0
  Declared Types (0):
  Declared Variables (2):
    - Name: p
        Modifier: imm
        Type: ptr<imm i64>
        Scope ID: 2
    - Name: size
        Modifier: imm
        Type: i64
        Scope ID: 2

Scope ID: 3
  Parent Scope ID: 2
  Declared Types (0):
  Declared Variables (1):
    - Name: i
        Modifier: mut
        Type: i64
        Scope ID: 3

Scope ID: 4
  Parent Scope ID: 3
  Declared Types (0):
  Declared Variables (0):
