Symbol Table State:
Current Scope ID: 0
Total Scopes: 4

Scope ID: 0
  Scope (parent: 0)
  Symbols:
    a: var a (type: ?, scope: 0, modifier: mut)
    b: var b (type: ?, scope: 0, modifier: mut)
    bar: var bar (type: func()->i32, scope: 0, modifier: imm)
    bool: type bool
    f64: type f64
    foo: var foo (type: func()->i32, scope: 0, modifier: imm)
    foo_2: var foo_2 (type: func(mut: i32, imm: i32, take imm: i32)->u0, scope: 0, modifier: imm)
    func()->i32: type func()->i32
    func(mut: i32, imm: i32, take imm: i32)->u0: type func(mut: i32, imm: i32, take imm: i32)->u0
    i16: type i16
    i32: type i32
    i64: type i64
    i8: type i8
    string: type string
    u0: type u0
    u16: type u16
    u32: type u32
    u64: type u64
    u8: type u8
    x: var x (type: func(mut: i32, imm: i32, take imm: i32)->u0, scope: 0, modifier: imm)
    z: var z (type: ?, scope: 0, modifier: imm)

Scope ID: 1
  Scope (parent: 0)
  Symbols:
    z: var z (type: i32, scope: 1, modifier: mut)

Scope ID: 2
  Scope (parent: 0)
  Symbols:
    z: var z (type: i32, scope: 2, modifier: mut)

Scope ID: 3
  Scope (parent: 0)
  Symbols:
    x: var x (type: i32, scope: 3, modifier: mut)
    y: var y (type: i32, scope: 3, modifier: imm)
    z: var z (type: i32, scope: 3, modifier: imm)
